{
    "-profile test --tools bwamem1,createsequencedictionary,faidx,intervals --input references-datasheets/latest/genomes_source/Homo_sapiens/nf-core/GRCh38_chr21_chr22.yml": {
        "content": [
            9,
            {
                "BUILD_INTERVALS": {
                    "gawk": "5.3.1"
                },
                "BWAMEM1_INDEX": {
                    "bwa": "0.7.19-r1273"
                },
                "GATK4_CREATESEQUENCEDICTIONARY": {
                    "gatk4": "4.6.2.0"
                },
                "SAMTOOLS_FAIDX": {
                    "samtools": "1.24"
                }
            },
            [
                "Homo_sapiens",
                "Homo_sapiens/nf-core",
                "Homo_sapiens/nf-core/GRCh38_chr21",
                "Homo_sapiens/nf-core/GRCh38_chr21/Annotation",
                "Homo_sapiens/nf-core/GRCh38_chr21/Annotation/intervals",
                "Homo_sapiens/nf-core/GRCh38_chr21/Annotation/intervals/GRCh38_chr21.bed",
                "Homo_sapiens/nf-core/GRCh38_chr21/Sequence",
                "Homo_sapiens/nf-core/GRCh38_chr21/Sequence/BWAIndex",
                "Homo_sapiens/nf-core/GRCh38_chr21/Sequence/BWAIndex/0.7.18",
                "Homo_sapiens/nf-core/GRCh38_chr21/Sequence/BWAIndex/0.7.18/GRCh38_chr21.amb",
                "Homo_sapiens/nf-core/GRCh38_chr21/Sequence/BWAIndex/0.7.18/GRCh38_chr21.ann",
                "Homo_sapiens/nf-core/GRCh38_chr21/Sequence/BWAIndex/0.7.18/GRCh38_chr21.bwt",
                "Homo_sapiens/nf-core/GRCh38_chr21/Sequence/BWAIndex/0.7.18/GRCh38_chr21.pac",
                "Homo_sapiens/nf-core/GRCh38_chr21/Sequence/BWAIndex/0.7.18/GRCh38_chr21.sa",
                "Homo_sapiens/nf-core/GRCh38_chr21/Sequence/WholeGenomeFasta",
                "Homo_sapiens/nf-core/GRCh38_chr21/Sequence/WholeGenomeFasta/GRCh38_chr21.dict",
                "Homo_sapiens/nf-core/GRCh38_chr21/Sequence/WholeGenomeFasta/GRCh38_chr21.fa.fai",
                "Homo_sapiens/nf-core/GRCh38_chr22",
                "Homo_sapiens/nf-core/GRCh38_chr22/Annotation",
                "Homo_sapiens/nf-core/GRCh38_chr22/Annotation/intervals",
                "Homo_sapiens/nf-core/GRCh38_chr22/Annotation/intervals/GRCh38_chr22.bed",
                "Homo_sapiens/nf-core/GRCh38_chr22/Sequence",
                "Homo_sapiens/nf-core/GRCh38_chr22/Sequence/BWAIndex",
                "Homo_sapiens/nf-core/GRCh38_chr22/Sequence/BWAIndex/0.7.18",
                "Homo_sapiens/nf-core/GRCh38_chr22/Sequence/BWAIndex/0.7.18/genome.amb",
                "Homo_sapiens/nf-core/GRCh38_chr22/Sequence/BWAIndex/0.7.18/genome.ann",
                "Homo_sapiens/nf-core/GRCh38_chr22/Sequence/BWAIndex/0.7.18/genome.bwt",
                "Homo_sapiens/nf-core/GRCh38_chr22/Sequence/BWAIndex/0.7.18/genome.pac",
                "Homo_sapiens/nf-core/GRCh38_chr22/Sequence/BWAIndex/0.7.18/genome.sa",
                "Homo_sapiens/nf-core/GRCh38_chr22/Sequence/WholeGenomeFasta",
                "Homo_sapiens/nf-core/GRCh38_chr22/Sequence/WholeGenomeFasta/genome.dict",
                "Homo_sapiens/nf-core/GRCh38_chr22/Sequence/WholeGenomeFasta/genome.fasta.fai",
                "index.json",
                "multiqc",
                "multiqc/multiqc_data",
                "multiqc/multiqc_data/llms-full.txt",
                "multiqc/multiqc_data/multiqc.log",
                "multiqc/multiqc_data/multiqc.parquet",
                "multiqc/multiqc_data/multiqc_citations.txt",
                "multiqc/multiqc_data/multiqc_data.json",
                "multiqc/multiqc_data/multiqc_software_versions.txt",
                "multiqc/multiqc_data/multiqc_sources.txt",
                "multiqc/multiqc_report.html",
                "pipeline_info",
                "pipeline_info/nf_core_references_software_mqc_versions.yml"
            ],
            [
                "GRCh38_chr21.bed:md5,472d213cfcde96565699779d5bfc0e32",
                "GRCh38_chr21.amb:md5,e59d7ca1d4e9593989a13925bfc15c07",
                "GRCh38_chr21.ann:md5,4d42ab1762829012e9139cacbeea7615",
                "GRCh38_chr21.bwt:md5,a5015025a0ae077c011833bd73651794",
                "GRCh38_chr21.pac:md5,8c08bed90eb472d0d35451e378e399f3",
                "GRCh38_chr21.sa:md5,9abb4ddd6fb4eab96b79f48540882329",
                "GRCh38_chr21.dict:md5,40482944b1a51af140a397e2544b6ed4",
                "GRCh38_chr21.fa.fai:md5,6ea51e1c1231da5e49212ea9f493d703",
                "GRCh38_chr22.bed:md5,87a15eb9c2ff20ccd5cd8735a28708f7",
                "genome.amb:md5,1891c1de381b3a96d4e72f590fde20c1",
                "genome.ann:md5,2df4aa2d7580639fa0fcdbcad5e2e969",
                "genome.bwt:md5,815eded87e4cb6b0f1daab5c4d6e30af",
                "genome.pac:md5,8569fbdb2c98c6fb16dfa73d8eacb070",
                "genome.sa:md5,e7cff62b919448a3a3d0fe4aaf427594",
                "genome.dict:md5,2433fe2ba31257337bf4c4bd4cb8da15",
                "genome.fasta.fai:md5,3520cd30e1b100e55f578db9c855f685",
                "multiqc_citations.txt:md5,4c806e63a283ec1b7e78cdae3a923d4f"
            ]
        ],
        "timestamp": "2026-08-14T15:37:03.476613914",
        "meta": {
            "nf-test": "0.9.5",
            "nextflow": "26.04.6"
        }
    },
    "-profile test --tools tabix --input references-datasheets/latest/genomes_source/Homo_sapiens/GATK/GRCh37_GRCh38_multiple_dbsnps_globs.yml": {
        "content": [
            5,
            {
                "HTSLIB_BGZIPTABIX": {
                    "htslib": "1.24",
                    "xz": "5.8.3"
                }
            },
            [
                "Homo_sapiens",
                "Homo_sapiens/GATK",
                "Homo_sapiens/GATK/GRCh37",
                "Homo_sapiens/GATK/GRCh37/Annotation",
                "Homo_sapiens/GATK/GRCh37/Annotation/GATK_BUNDLE",
                "Homo_sapiens/GATK/GRCh37/Annotation/GATK_BUNDLE/GRCh37.vcf.gz.tbi",
                "Homo_sapiens/GATK/GRCh38",
                "Homo_sapiens/GATK/GRCh38/Annotation",
                "Homo_sapiens/GATK/GRCh38/Annotation/GATK_BUNDLE",
                "Homo_sapiens/GATK/GRCh38/Annotation/GATK_BUNDLE/GRCh38.vcf.gz.tbi",
                "index.json",
                "multiqc",
                "multiqc/multiqc_data",
                "multiqc/multiqc_data/llms-full.txt",
                "multiqc/multiqc_data/multiqc.log",
                "multiqc/multiqc_data/multiqc.parquet",
                "multiqc/multiqc_data/multiqc_citations.txt",
                "multiqc/multiqc_data/multiqc_data.json",
                "multiqc/multiqc_data/multiqc_software_versions.txt",
                "multiqc/multiqc_data/multiqc_sources.txt",
                "multiqc/multiqc_report.html",
                "pipeline_info",
                "pipeline_info/nf_core_references_software_mqc_versions.yml"
            ],
            [
                "multiqc_citations.txt:md5,4c806e63a283ec1b7e78cdae3a923d4f"
            ]
        ],
        "timestamp": "2026-08-14T15:37:44.713192869",
        "meta": {
            "nf-test": "0.9.5",
            "nextflow": "26.04.6"
        }
    }
}