{
    "-profile test --tools faidx,intervals,sizes --input references-datasheets/latest/genomes/Homo_sapiens/nf-core/GRCh38_chr21_MT.yml": {
        "content": [
            2,
            {
                "BUILD_INTERVALS": {
                    "gawk": "5.3.1"
                }
            },
            [
                "Homo_sapiens",
                "Homo_sapiens/nf-core",
                "Homo_sapiens/nf-core/GRCh38_chr21",
                "Homo_sapiens/nf-core/GRCh38_chr21/Annotation",
                "Homo_sapiens/nf-core/GRCh38_chr21/Annotation/intervals",
                "Homo_sapiens/nf-core/GRCh38_chr21/Annotation/intervals/GRCh38_chr21.bed",
                "index.json",
                "multiqc",
                "multiqc/multiqc_data",
                "multiqc/multiqc_data/llms-full.txt",
                "multiqc/multiqc_data/multiqc.log",
                "multiqc/multiqc_data/multiqc.parquet",
                "multiqc/multiqc_data/multiqc_citations.txt",
                "multiqc/multiqc_data/multiqc_data.json",
                "multiqc/multiqc_data/multiqc_software_versions.txt",
                "multiqc/multiqc_data/multiqc_sources.txt",
                "multiqc/multiqc_report.html",
                "pipeline_info",
                "pipeline_info/nf_core_references_software_mqc_versions.yml"
            ],
            [
                "GRCh38_chr21.bed:md5,472d213cfcde96565699779d5bfc0e32",
                "multiqc_citations.txt:md5,4c806e63a283ec1b7e78cdae3a923d4f"
            ]
        ],
        "timestamp": "2026-06-09T12:06:16.966628586",
        "meta": {
            "nf-test": "0.9.5",
            "nextflow": "26.04.3"
        }
    },
    "-profile test --tools faidx,intervals,sizes --input references-datasheets/latest/genomes/Homo_sapiens/nf-core/GRCh38_chr21.yml": {
        "content": [
            1,
            {
                
            },
            [
                "index.json",
                "multiqc",
                "multiqc/multiqc_data",
                "multiqc/multiqc_data/llms-full.txt",
                "multiqc/multiqc_data/multiqc.log",
                "multiqc/multiqc_data/multiqc.parquet",
                "multiqc/multiqc_data/multiqc_citations.txt",
                "multiqc/multiqc_data/multiqc_data.json",
                "multiqc/multiqc_data/multiqc_software_versions.txt",
                "multiqc/multiqc_data/multiqc_sources.txt",
                "multiqc/multiqc_report.html",
                "pipeline_info",
                "pipeline_info/nf_core_references_software_mqc_versions.yml"
            ],
            [
                "multiqc_citations.txt:md5,4c806e63a283ec1b7e78cdae3a923d4f"
            ]
        ],
        "timestamp": "2026-05-04T16:10:43.92484123",
        "meta": {
            "nf-test": "0.9.5",
            "nextflow": "26.04.0"
        }
    },
    "-profile test --tools faidx,intervals,sizes": {
        "content": [
            3,
            {
                "BUILD_INTERVALS": {
                    "gawk": "5.3.1"
                },
                "SAMTOOLS_FAIDX": {
                    "samtools": "1.24"
                }
            },
            [
                "Homo_sapiens",
                "Homo_sapiens/nf-core",
                "Homo_sapiens/nf-core/GRCh38_chr21",
                "Homo_sapiens/nf-core/GRCh38_chr21/Annotation",
                "Homo_sapiens/nf-core/GRCh38_chr21/Annotation/intervals",
                "Homo_sapiens/nf-core/GRCh38_chr21/Annotation/intervals/GRCh38_chr21.bed",
                "Homo_sapiens/nf-core/GRCh38_chr21/Sequence",
                "Homo_sapiens/nf-core/GRCh38_chr21/Sequence/WholeGenomeFasta",
                "Homo_sapiens/nf-core/GRCh38_chr21/Sequence/WholeGenomeFasta/GRCh38_chr21.fa.fai",
                "Homo_sapiens/nf-core/GRCh38_chr21/Sequence/WholeGenomeFasta/GRCh38_chr21.fa.sizes",
                "index.json",
                "multiqc",
                "multiqc/multiqc_data",
                "multiqc/multiqc_data/llms-full.txt",
                "multiqc/multiqc_data/multiqc.log",
                "multiqc/multiqc_data/multiqc.parquet",
                "multiqc/multiqc_data/multiqc_citations.txt",
                "multiqc/multiqc_data/multiqc_data.json",
                "multiqc/multiqc_data/multiqc_software_versions.txt",
                "multiqc/multiqc_data/multiqc_sources.txt",
                "multiqc/multiqc_report.html",
                "pipeline_info",
                "pipeline_info/nf_core_references_software_mqc_versions.yml"
            ],
            [
                "GRCh38_chr21.bed:md5,472d213cfcde96565699779d5bfc0e32",
                "GRCh38_chr21.fa.fai:md5,6ea51e1c1231da5e49212ea9f493d703",
                "GRCh38_chr21.fa.sizes:md5,c985a141685e8431ec27c782816cb744",
                "multiqc_citations.txt:md5,4c806e63a283ec1b7e78cdae3a923d4f"
            ]
        ],
        "timestamp": "2026-08-14T15:43:18.79592005",
        "meta": {
            "nf-test": "0.9.5",
            "nextflow": "26.04.6"
        }
    }
}