{
    "-profile test --tools faidx,intervals,sizes --input assets/test/default_full.yml": {
        "content": [
            1,
            {
                "Workflow": {
                    "nf-core/references": "v1.0.0dev"
                }
            },
            [
                "index.json",
                "multiqc",
                "multiqc/multiqc_data",
                "multiqc/multiqc_data/multiqc.log",
                "multiqc/multiqc_data/multiqc_citations.txt",
                "multiqc/multiqc_data/multiqc_data.json",
                "multiqc/multiqc_data/multiqc_software_versions.txt",
                "multiqc/multiqc_data/multiqc_sources.txt",
                "multiqc/multiqc_report.html",
                "pipeline_info",
                "pipeline_info/nf_core_references_software_mqc_versions.yml"
            ],
            [
                "multiqc_citations.txt:md5,4c806e63a283ec1b7e78cdae3a923d4f"
            ]
        ],
        "meta": {
            "nf-test": "0.9.2",
            "nextflow": "25.01.0"
        },
        "timestamp": "2025-03-05T09:06:21.888588541"
    },
    "-profile test --tools faidx,intervals,sizes --input assets/test/default_multiple_extended.yml": {
        "content": [
            2,
            {
                "BUILD_INTERVALS": {
                    "gawk": "5.3.0"
                },
                "Workflow": {
                    "nf-core/references": "v1.0.0dev"
                }
            },
            [
                "Homo_sapiens",
                "Homo_sapiens/nf-core",
                "Homo_sapiens/nf-core/references",
                "Homo_sapiens/nf-core/references/GRCh38_chr21",
                "Homo_sapiens/nf-core/references/GRCh38_chr21/Annotation",
                "Homo_sapiens/nf-core/references/GRCh38_chr21/Annotation/intervals",
                "Homo_sapiens/nf-core/references/GRCh38_chr21/Annotation/intervals/GRCh38_chr21.bed",
                "index.json",
                "multiqc",
                "multiqc/multiqc_data",
                "multiqc/multiqc_data/multiqc.log",
                "multiqc/multiqc_data/multiqc_citations.txt",
                "multiqc/multiqc_data/multiqc_data.json",
                "multiqc/multiqc_data/multiqc_software_versions.txt",
                "multiqc/multiqc_data/multiqc_sources.txt",
                "multiqc/multiqc_report.html",
                "pipeline_info",
                "pipeline_info/nf_core_references_software_mqc_versions.yml"
            ],
            [
                "GRCh38_chr21.bed:md5,472d213cfcde96565699779d5bfc0e32",
                "multiqc_citations.txt:md5,4c806e63a283ec1b7e78cdae3a923d4f"
            ]
        ],
        "meta": {
            "nf-test": "0.9.2",
            "nextflow": "25.01.0"
        },
        "timestamp": "2025-03-05T09:06:03.148624587"
    },
    "-profile test --tools faidx,intervals,sizes --input GRCh38_chr21.yml": {
        "content": [
            3,
            {
                "BUILD_INTERVALS": {
                    "gawk": "5.3.0"
                },
                "SAMTOOLS_FAIDX": {
                    "samtools": 1.21
                },
                "Workflow": {
                    "nf-core/references": "v1.0.0dev"
                }
            },
            [
                "Homo_sapiens",
                "Homo_sapiens/nf-core",
                "Homo_sapiens/nf-core/references",
                "Homo_sapiens/nf-core/references/GRCh38_chr21",
                "Homo_sapiens/nf-core/references/GRCh38_chr21/Annotation",
                "Homo_sapiens/nf-core/references/GRCh38_chr21/Annotation/intervals",
                "Homo_sapiens/nf-core/references/GRCh38_chr21/Annotation/intervals/GRCh38_chr21.bed",
                "Homo_sapiens/nf-core/references/GRCh38_chr21/Sequence",
                "Homo_sapiens/nf-core/references/GRCh38_chr21/Sequence/WholeGenomeFasta",
                "Homo_sapiens/nf-core/references/GRCh38_chr21/Sequence/WholeGenomeFasta/GRCh38_chr21.fa.fai",
                "Homo_sapiens/nf-core/references/GRCh38_chr21/Sequence/WholeGenomeFasta/GRCh38_chr21.fa.sizes",
                "index.json",
                "multiqc",
                "multiqc/multiqc_data",
                "multiqc/multiqc_data/multiqc.log",
                "multiqc/multiqc_data/multiqc_citations.txt",
                "multiqc/multiqc_data/multiqc_data.json",
                "multiqc/multiqc_data/multiqc_software_versions.txt",
                "multiqc/multiqc_data/multiqc_sources.txt",
                "multiqc/multiqc_report.html",
                "pipeline_info",
                "pipeline_info/nf_core_references_software_mqc_versions.yml"
            ],
            [
                "GRCh38_chr21.bed:md5,472d213cfcde96565699779d5bfc0e32",
                "GRCh38_chr21.fa.fai:md5,6ea51e1c1231da5e49212ea9f493d703",
                "GRCh38_chr21.fa.sizes:md5,c985a141685e8431ec27c782816cb744",
                "multiqc_citations.txt:md5,4c806e63a283ec1b7e78cdae3a923d4f"
            ]
        ],
        "meta": {
            "nf-test": "0.9.2",
            "nextflow": "25.01.0"
        },
        "timestamp": "2025-03-05T09:05:43.030978984"
    }
}