{
    "-profile test --tools star --star_sjdbOverhang 99": {
        "content": [
            6,
            {
                "GFFREAD": {
                    "gffread": "0.12.7"
                },
                "STAR_GENOMEGENERATE": {
                    "gawk": "5.1.0",
                    "samtools": "1.21",
                    "star": "2.7.11b"
                }
            },
            [
                "Homo_sapiens",
                "Homo_sapiens/nf-core",
                "Homo_sapiens/nf-core/GRCh38_chr21",
                "Homo_sapiens/nf-core/GRCh38_chr21/Annotation",
                "Homo_sapiens/nf-core/GRCh38_chr21/Annotation/Genes",
                "Homo_sapiens/nf-core/GRCh38_chr21/Annotation/Genes/GRCh38_chr21.gtf",
                "Homo_sapiens/nf-core/GRCh38_chr21/Sequence",
                "Homo_sapiens/nf-core/GRCh38_chr21/Sequence/STARIndex",
                "Homo_sapiens/nf-core/GRCh38_chr21/Sequence/STARIndex/2.7.11b",
                "Homo_sapiens/nf-core/GRCh38_chr21/Sequence/STARIndex/2.7.11b/Genome",
                "Homo_sapiens/nf-core/GRCh38_chr21/Sequence/STARIndex/2.7.11b/Log.out",
                "Homo_sapiens/nf-core/GRCh38_chr21/Sequence/STARIndex/2.7.11b/SA",
                "Homo_sapiens/nf-core/GRCh38_chr21/Sequence/STARIndex/2.7.11b/SAindex",
                "Homo_sapiens/nf-core/GRCh38_chr21/Sequence/STARIndex/2.7.11b/chrLength.txt",
                "Homo_sapiens/nf-core/GRCh38_chr21/Sequence/STARIndex/2.7.11b/chrName.txt",
                "Homo_sapiens/nf-core/GRCh38_chr21/Sequence/STARIndex/2.7.11b/chrNameLength.txt",
                "Homo_sapiens/nf-core/GRCh38_chr21/Sequence/STARIndex/2.7.11b/chrStart.txt",
                "Homo_sapiens/nf-core/GRCh38_chr21/Sequence/STARIndex/2.7.11b/exonGeTrInfo.tab",
                "Homo_sapiens/nf-core/GRCh38_chr21/Sequence/STARIndex/2.7.11b/exonInfo.tab",
                "Homo_sapiens/nf-core/GRCh38_chr21/Sequence/STARIndex/2.7.11b/geneInfo.tab",
                "Homo_sapiens/nf-core/GRCh38_chr21/Sequence/STARIndex/2.7.11b/genomeParameters.txt",
                "Homo_sapiens/nf-core/GRCh38_chr21/Sequence/STARIndex/2.7.11b/sjdbInfo.txt",
                "Homo_sapiens/nf-core/GRCh38_chr21/Sequence/STARIndex/2.7.11b/sjdbList.fromGTF.out.tab",
                "Homo_sapiens/nf-core/GRCh38_chr21/Sequence/STARIndex/2.7.11b/sjdbList.out.tab",
                "Homo_sapiens/nf-core/GRCh38_chr21/Sequence/STARIndex/2.7.11b/transcriptInfo.tab",
                "multiqc",
                "multiqc/multiqc_data",
                "multiqc/multiqc_data/llms-full.txt",
                "multiqc/multiqc_data/multiqc.log",
                "multiqc/multiqc_data/multiqc.parquet",
                "multiqc/multiqc_data/multiqc_citations.txt",
                "multiqc/multiqc_data/multiqc_data.json",
                "multiqc/multiqc_data/multiqc_software_versions.txt",
                "multiqc/multiqc_data/multiqc_sources.txt",
                "multiqc/multiqc_report.html",
                "pipeline_info",
                "pipeline_info/nf_core_references_software_mqc_versions.yml"
            ],
            [
                "GRCh38_chr21.gtf:md5,c552c0aee5f1becb1d3991d21e63a5c1",
                "Genome:md5,5fcaa403fa8d6a7bcb6c996552129ec5",
                "SA:md5,50396ef5a5379dbba9dbb654c8868fb4",
                "SAindex:md5,85cf583da66d408c866754d3a1abea1e",
                "chrLength.txt:md5,b0be0a56ddefa84552742c72d4859eac",
                "chrName.txt:md5,e99d7d1051eee43ceab5563c2d09fcee",
                "chrNameLength.txt:md5,c985a141685e8431ec27c782816cb744",
                "chrStart.txt:md5,6925b594ea2eeb964ba87cd6d42ab98f",
                "exonGeTrInfo.tab:md5,a36b92eeceaaf921b9d19cd8e806a98e",
                "exonInfo.tab:md5,bb892190d1ebdd59bf55652916121479",
                "geneInfo.tab:md5,4303e97d841035b5c0fcc3686b2f5a36",
                "sjdbInfo.txt:md5,5dcdac6ed593ea879f22d9f84029eb2a",
                "sjdbList.fromGTF.out.tab:md5,d9e4a184cde15a5ab282ff66e740a4a2",
                "sjdbList.out.tab:md5,766fbca932681f8666b3a9e5fb3640bd",
                "transcriptInfo.tab:md5,ad9baa68c5432908b42693edb9aed02a",
                "multiqc_citations.txt:md5,4c806e63a283ec1b7e78cdae3a923d4f"
            ]
        ],
        "timestamp": "2026-09-23T15:16:51.802702723",
        "meta": {
            "nf-test": "0.9.5",
            "nextflow": "26.09.0"
        }
    },
    "-profile test --tools star --star_genomeSAindexNbases 14": {
        "content": [
            6,
            {
                "GFFREAD": {
                    "gffread": "0.12.7"
                },
                "STAR_GENOMEGENERATE": {
                    "gawk": "5.1.0",
                    "samtools": "1.21",
                    "star": "2.7.11b"
                }
            },
            [
                "Homo_sapiens",
                "Homo_sapiens/nf-core",
                "Homo_sapiens/nf-core/GRCh38_chr21",
                "Homo_sapiens/nf-core/GRCh38_chr21/Annotation",
                "Homo_sapiens/nf-core/GRCh38_chr21/Annotation/Genes",
                "Homo_sapiens/nf-core/GRCh38_chr21/Annotation/Genes/GRCh38_chr21.gtf",
                "Homo_sapiens/nf-core/GRCh38_chr21/Sequence",
                "Homo_sapiens/nf-core/GRCh38_chr21/Sequence/STARIndex",
                "Homo_sapiens/nf-core/GRCh38_chr21/Sequence/STARIndex/2.7.11b",
                "Homo_sapiens/nf-core/GRCh38_chr21/Sequence/STARIndex/2.7.11b/Genome",
                "Homo_sapiens/nf-core/GRCh38_chr21/Sequence/STARIndex/2.7.11b/Log.out",
                "Homo_sapiens/nf-core/GRCh38_chr21/Sequence/STARIndex/2.7.11b/SA",
                "Homo_sapiens/nf-core/GRCh38_chr21/Sequence/STARIndex/2.7.11b/SAindex",
                "Homo_sapiens/nf-core/GRCh38_chr21/Sequence/STARIndex/2.7.11b/chrLength.txt",
                "Homo_sapiens/nf-core/GRCh38_chr21/Sequence/STARIndex/2.7.11b/chrName.txt",
                "Homo_sapiens/nf-core/GRCh38_chr21/Sequence/STARIndex/2.7.11b/chrNameLength.txt",
                "Homo_sapiens/nf-core/GRCh38_chr21/Sequence/STARIndex/2.7.11b/chrStart.txt",
                "Homo_sapiens/nf-core/GRCh38_chr21/Sequence/STARIndex/2.7.11b/exonGeTrInfo.tab",
                "Homo_sapiens/nf-core/GRCh38_chr21/Sequence/STARIndex/2.7.11b/exonInfo.tab",
                "Homo_sapiens/nf-core/GRCh38_chr21/Sequence/STARIndex/2.7.11b/geneInfo.tab",
                "Homo_sapiens/nf-core/GRCh38_chr21/Sequence/STARIndex/2.7.11b/genomeParameters.txt",
                "Homo_sapiens/nf-core/GRCh38_chr21/Sequence/STARIndex/2.7.11b/sjdbInfo.txt",
                "Homo_sapiens/nf-core/GRCh38_chr21/Sequence/STARIndex/2.7.11b/sjdbList.fromGTF.out.tab",
                "Homo_sapiens/nf-core/GRCh38_chr21/Sequence/STARIndex/2.7.11b/sjdbList.out.tab",
                "Homo_sapiens/nf-core/GRCh38_chr21/Sequence/STARIndex/2.7.11b/transcriptInfo.tab",
                "multiqc",
                "multiqc/multiqc_data",
                "multiqc/multiqc_data/llms-full.txt",
                "multiqc/multiqc_data/multiqc.log",
                "multiqc/multiqc_data/multiqc.parquet",
                "multiqc/multiqc_data/multiqc_citations.txt",
                "multiqc/multiqc_data/multiqc_data.json",
                "multiqc/multiqc_data/multiqc_software_versions.txt",
                "multiqc/multiqc_data/multiqc_sources.txt",
                "multiqc/multiqc_report.html",
                "pipeline_info",
                "pipeline_info/nf_core_references_software_mqc_versions.yml"
            ],
            [
                "GRCh38_chr21.gtf:md5,c552c0aee5f1becb1d3991d21e63a5c1",
                "Genome:md5,612664e3cfde5e1b73ad541d93752b31",
                "SA:md5,074ae54177bb7b9cb981382f043f36e5",
                "SAindex:md5,81a04dbb4a8366c02907ad35218d877e",
                "chrLength.txt:md5,b0be0a56ddefa84552742c72d4859eac",
                "chrName.txt:md5,e99d7d1051eee43ceab5563c2d09fcee",
                "chrNameLength.txt:md5,c985a141685e8431ec27c782816cb744",
                "chrStart.txt:md5,6925b594ea2eeb964ba87cd6d42ab98f",
                "exonGeTrInfo.tab:md5,a36b92eeceaaf921b9d19cd8e806a98e",
                "exonInfo.tab:md5,bb892190d1ebdd59bf55652916121479",
                "geneInfo.tab:md5,4303e97d841035b5c0fcc3686b2f5a36",
                "sjdbInfo.txt:md5,12fb05dc7cea89735a0c19e1c0df61cb",
                "sjdbList.fromGTF.out.tab:md5,d9e4a184cde15a5ab282ff66e740a4a2",
                "sjdbList.out.tab:md5,766fbca932681f8666b3a9e5fb3640bd",
                "transcriptInfo.tab:md5,ad9baa68c5432908b42693edb9aed02a",
                "multiqc_citations.txt:md5,4c806e63a283ec1b7e78cdae3a923d4f"
            ]
        ],
        "timestamp": "2026-09-23T15:18:04.711244904",
        "meta": {
            "nf-test": "0.9.5",
            "nextflow": "26.09.0"
        }
    }
}