{
    "-profile test --tools_bundle all --skip_tools bowtie1,bowtie2,bwamem2,dragmap,gffread,hisat2,hisat2_extractsplicesites,kallisto,msisensorpro,rsem_make_transcript_fasta,salmon,sizes,snapaligner,tabix --input Caenorhabditis_elegans/NCBI/WBcel235.yml": {
        "content": [
            8,
            {
                "BUILD_INTERVALS": {
                    "gawk": "5.3.1"
                },
                "BWAMEM1_INDEX": {
                    "bwa": "0.7.19-r1273"
                },
                "GATK4_CREATESEQUENCEDICTIONARY": {
                    "gatk4": "4.6.2.0"
                },
                "NCBIDATASETSCLI_DATASETS": {
                    "gunzip": "1.12",
                    "ncbidatasetscli": "18.25.0"
                },
                "RSEM_PREPAREREFERENCE_GENOME": {
                    "rsem": "1.3.1",
                    "star": "2.7.10a"
                },
                "SAMTOOLS_FAIDX": {
                    "samtools": "1.23.1"
                },
                "STAR_GENOMEGENERATE": {
                    "gawk": "5.1.0",
                    "samtools": "1.21",
                    "star": "2.7.11b"
                }
            },
            [
                "Caenorhabditis_elegans",
                "Caenorhabditis_elegans/NCBI",
                "Caenorhabditis_elegans/NCBI/WBcel235",
                "Caenorhabditis_elegans/NCBI/WBcel235/Annotation",
                "Caenorhabditis_elegans/NCBI/WBcel235/Annotation/Genes",
                "Caenorhabditis_elegans/NCBI/WBcel235/Annotation/Genes/genomic.gff",
                "Caenorhabditis_elegans/NCBI/WBcel235/Annotation/Genes/genomic.gtf",
                "Caenorhabditis_elegans/NCBI/WBcel235/Annotation/intervals",
                "Caenorhabditis_elegans/NCBI/WBcel235/Annotation/intervals/WBcel235.bed",
                "Caenorhabditis_elegans/NCBI/WBcel235/Sequence",
                "Caenorhabditis_elegans/NCBI/WBcel235/Sequence/BWAIndex",
                "Caenorhabditis_elegans/NCBI/WBcel235/Sequence/BWAIndex/0.7.18",
                "Caenorhabditis_elegans/NCBI/WBcel235/Sequence/BWAIndex/0.7.18/GCF_000002985.6_WBcel235_genomic.amb",
                "Caenorhabditis_elegans/NCBI/WBcel235/Sequence/BWAIndex/0.7.18/GCF_000002985.6_WBcel235_genomic.ann",
                "Caenorhabditis_elegans/NCBI/WBcel235/Sequence/BWAIndex/0.7.18/GCF_000002985.6_WBcel235_genomic.bwt",
                "Caenorhabditis_elegans/NCBI/WBcel235/Sequence/BWAIndex/0.7.18/GCF_000002985.6_WBcel235_genomic.pac",
                "Caenorhabditis_elegans/NCBI/WBcel235/Sequence/BWAIndex/0.7.18/GCF_000002985.6_WBcel235_genomic.sa",
                "Caenorhabditis_elegans/NCBI/WBcel235/Sequence/RSEMIndex",
                "Caenorhabditis_elegans/NCBI/WBcel235/Sequence/RSEMIndex/GCF_000002985.6",
                "Caenorhabditis_elegans/NCBI/WBcel235/Sequence/RSEMIndex/GCF_000002985.6/1.3.1",
                "Caenorhabditis_elegans/NCBI/WBcel235/Sequence/RSEMIndex/GCF_000002985.6/1.3.1/GCF_000002985.6_WBcel235_genomic.fna",
                "Caenorhabditis_elegans/NCBI/WBcel235/Sequence/RSEMIndex/GCF_000002985.6/1.3.1/Genome",
                "Caenorhabditis_elegans/NCBI/WBcel235/Sequence/RSEMIndex/GCF_000002985.6/1.3.1/Log.out",
                "Caenorhabditis_elegans/NCBI/WBcel235/Sequence/RSEMIndex/GCF_000002985.6/1.3.1/SA",
                "Caenorhabditis_elegans/NCBI/WBcel235/Sequence/RSEMIndex/GCF_000002985.6/1.3.1/SAindex",
                "Caenorhabditis_elegans/NCBI/WBcel235/Sequence/RSEMIndex/GCF_000002985.6/1.3.1/chrLength.txt",
                "Caenorhabditis_elegans/NCBI/WBcel235/Sequence/RSEMIndex/GCF_000002985.6/1.3.1/chrName.txt",
                "Caenorhabditis_elegans/NCBI/WBcel235/Sequence/RSEMIndex/GCF_000002985.6/1.3.1/chrNameLength.txt",
                "Caenorhabditis_elegans/NCBI/WBcel235/Sequence/RSEMIndex/GCF_000002985.6/1.3.1/chrStart.txt",
                "Caenorhabditis_elegans/NCBI/WBcel235/Sequence/RSEMIndex/GCF_000002985.6/1.3.1/exonGeTrInfo.tab",
                "Caenorhabditis_elegans/NCBI/WBcel235/Sequence/RSEMIndex/GCF_000002985.6/1.3.1/exonInfo.tab",
                "Caenorhabditis_elegans/NCBI/WBcel235/Sequence/RSEMIndex/GCF_000002985.6/1.3.1/geneInfo.tab",
                "Caenorhabditis_elegans/NCBI/WBcel235/Sequence/RSEMIndex/GCF_000002985.6/1.3.1/genome.chrlist",
                "Caenorhabditis_elegans/NCBI/WBcel235/Sequence/RSEMIndex/GCF_000002985.6/1.3.1/genome.grp",
                "Caenorhabditis_elegans/NCBI/WBcel235/Sequence/RSEMIndex/GCF_000002985.6/1.3.1/genome.idx.fa",
                "Caenorhabditis_elegans/NCBI/WBcel235/Sequence/RSEMIndex/GCF_000002985.6/1.3.1/genome.n2g.idx.fa",
                "Caenorhabditis_elegans/NCBI/WBcel235/Sequence/RSEMIndex/GCF_000002985.6/1.3.1/genome.seq",
                "Caenorhabditis_elegans/NCBI/WBcel235/Sequence/RSEMIndex/GCF_000002985.6/1.3.1/genome.ti",
                "Caenorhabditis_elegans/NCBI/WBcel235/Sequence/RSEMIndex/GCF_000002985.6/1.3.1/genome.transcripts.fa",
                "Caenorhabditis_elegans/NCBI/WBcel235/Sequence/RSEMIndex/GCF_000002985.6/1.3.1/genomeParameters.txt",
                "Caenorhabditis_elegans/NCBI/WBcel235/Sequence/RSEMIndex/GCF_000002985.6/1.3.1/sjdbInfo.txt",
                "Caenorhabditis_elegans/NCBI/WBcel235/Sequence/RSEMIndex/GCF_000002985.6/1.3.1/sjdbList.fromGTF.out.tab",
                "Caenorhabditis_elegans/NCBI/WBcel235/Sequence/RSEMIndex/GCF_000002985.6/1.3.1/sjdbList.out.tab",
                "Caenorhabditis_elegans/NCBI/WBcel235/Sequence/RSEMIndex/GCF_000002985.6/1.3.1/transcriptInfo.tab",
                "Caenorhabditis_elegans/NCBI/WBcel235/Sequence/STARIndex",
                "Caenorhabditis_elegans/NCBI/WBcel235/Sequence/STARIndex/GCF_000002985.6",
                "Caenorhabditis_elegans/NCBI/WBcel235/Sequence/STARIndex/GCF_000002985.6/2.7.11b",
                "Caenorhabditis_elegans/NCBI/WBcel235/Sequence/STARIndex/GCF_000002985.6/2.7.11b/Genome",
                "Caenorhabditis_elegans/NCBI/WBcel235/Sequence/STARIndex/GCF_000002985.6/2.7.11b/Log.out",
                "Caenorhabditis_elegans/NCBI/WBcel235/Sequence/STARIndex/GCF_000002985.6/2.7.11b/SA",
                "Caenorhabditis_elegans/NCBI/WBcel235/Sequence/STARIndex/GCF_000002985.6/2.7.11b/SAindex",
                "Caenorhabditis_elegans/NCBI/WBcel235/Sequence/STARIndex/GCF_000002985.6/2.7.11b/chrLength.txt",
                "Caenorhabditis_elegans/NCBI/WBcel235/Sequence/STARIndex/GCF_000002985.6/2.7.11b/chrName.txt",
                "Caenorhabditis_elegans/NCBI/WBcel235/Sequence/STARIndex/GCF_000002985.6/2.7.11b/chrNameLength.txt",
                "Caenorhabditis_elegans/NCBI/WBcel235/Sequence/STARIndex/GCF_000002985.6/2.7.11b/chrStart.txt",
                "Caenorhabditis_elegans/NCBI/WBcel235/Sequence/STARIndex/GCF_000002985.6/2.7.11b/exonGeTrInfo.tab",
                "Caenorhabditis_elegans/NCBI/WBcel235/Sequence/STARIndex/GCF_000002985.6/2.7.11b/exonInfo.tab",
                "Caenorhabditis_elegans/NCBI/WBcel235/Sequence/STARIndex/GCF_000002985.6/2.7.11b/geneInfo.tab",
                "Caenorhabditis_elegans/NCBI/WBcel235/Sequence/STARIndex/GCF_000002985.6/2.7.11b/genomeParameters.txt",
                "Caenorhabditis_elegans/NCBI/WBcel235/Sequence/STARIndex/GCF_000002985.6/2.7.11b/sjdbInfo.txt",
                "Caenorhabditis_elegans/NCBI/WBcel235/Sequence/STARIndex/GCF_000002985.6/2.7.11b/sjdbList.fromGTF.out.tab",
                "Caenorhabditis_elegans/NCBI/WBcel235/Sequence/STARIndex/GCF_000002985.6/2.7.11b/sjdbList.out.tab",
                "Caenorhabditis_elegans/NCBI/WBcel235/Sequence/STARIndex/GCF_000002985.6/2.7.11b/transcriptInfo.tab",
                "Caenorhabditis_elegans/NCBI/WBcel235/Sequence/WholeGenomeFasta",
                "Caenorhabditis_elegans/NCBI/WBcel235/Sequence/WholeGenomeFasta/GCF_000002985.6_WBcel235_genomic.dict",
                "Caenorhabditis_elegans/NCBI/WBcel235/Sequence/WholeGenomeFasta/GCF_000002985.6_WBcel235_genomic.fna",
                "Caenorhabditis_elegans/NCBI/WBcel235/Sequence/WholeGenomeFasta/GCF_000002985.6_WBcel235_genomic.fna.fai",
                "index.json",
                "multiqc",
                "multiqc/multiqc_data",
                "multiqc/multiqc_data/llms-full.txt",
                "multiqc/multiqc_data/multiqc.log",
                "multiqc/multiqc_data/multiqc.parquet",
                "multiqc/multiqc_data/multiqc_citations.txt",
                "multiqc/multiqc_data/multiqc_data.json",
                "multiqc/multiqc_data/multiqc_software_versions.txt",
                "multiqc/multiqc_data/multiqc_sources.txt",
                "multiqc/multiqc_report.html",
                "pipeline_info",
                "pipeline_info/nf_core_references_software_mqc_versions.yml"
            ],
            [
                "genomic.gff:md5,cdfa038e7ba342b73dab1e85ffdf0a4a",
                "genomic.gtf:md5,efc0320858e37f3e818a392df1e07a85",
                "WBcel235.bed:md5,84cb3d6e8ed7c8475fc9735b19b66908",
                "GCF_000002985.6_WBcel235_genomic.amb:md5,a0741fa25fb4e5a52ac61ecc5b679ac2",
                "GCF_000002985.6_WBcel235_genomic.ann:md5,7e46a49f983e0ca1fb6ee14be12251d3",
                "GCF_000002985.6_WBcel235_genomic.bwt:md5,5ac3d4632e767b1083e542b48a56983f",
                "GCF_000002985.6_WBcel235_genomic.pac:md5,1f0196045942ef7b2d94fb80b43e9c2a",
                "GCF_000002985.6_WBcel235_genomic.sa:md5,9bd628829e7f38cce39a4fd82f6634b2",
                "GCF_000002985.6_WBcel235_genomic.fna:md5,2fa2b1575d9e722f076bafcf3b755fed",
                "Genome:md5,6115a100a80c3cf6ad4115ec2ae14125",
                "SA:md5,1993838b1e84c6b3d37928a98c9e435b",
                "SAindex:md5,48774e5509a918646de1d0637f4d4bac",
                "chrLength.txt:md5,f05097b2e861d6c4ba7aabd9ab3adb57",
                "chrName.txt:md5,d20e5340b7c16270e610785b20af9cce",
                "chrNameLength.txt:md5,7ca5bd1d9d220af81b785a965ed6b839",
                "chrStart.txt:md5,e913b6ededd36d63662b25a20fb48a4e",
                "exonGeTrInfo.tab:md5,7a68c7a847ea4797ed890b5343cf796c",
                "exonInfo.tab:md5,c74c66832e61ebe7fac19f7e033f79b5",
                "geneInfo.tab:md5,c00684439fbe9b4fca325ccc45fa6039",
                "genome.chrlist:md5,46094719dedb5edac18cbeeccd5295e8",
                "genome.grp:md5,1615b00ab0891a58edfe93dd12f7a4dd",
                "genome.idx.fa:md5,a1500f887a0f936009a30b230e86fc3c",
                "genome.n2g.idx.fa:md5,a1500f887a0f936009a30b230e86fc3c",
                "genome.seq:md5,e500aae14bed2e0c5f53a9c355dd4e3c",
                "genome.ti:md5,4ff57e1bbafa8c2da4f23aaef36381d5",
                "genome.transcripts.fa:md5,0a41168837ff0b1b2e92dc17578bc252",
                "sjdbInfo.txt:md5,f19a245be439acdf45235a7bee505d37",
                "sjdbList.fromGTF.out.tab:md5,35f117e81bc9410a329e7293a3d5b220",
                "sjdbList.out.tab:md5,3711bf43ca770e6db6e5570c201b227b",
                "transcriptInfo.tab:md5,d0a2c885941c8e8920e191768a3a71dc",
                "Genome:md5,6115a100a80c3cf6ad4115ec2ae14125",
                "SA:md5,1993838b1e84c6b3d37928a98c9e435b",
                "SAindex:md5,3ccb32e379adab695b58987ca0111ed4",
                "chrLength.txt:md5,f05097b2e861d6c4ba7aabd9ab3adb57",
                "chrName.txt:md5,d20e5340b7c16270e610785b20af9cce",
                "chrNameLength.txt:md5,7ca5bd1d9d220af81b785a965ed6b839",
                "chrStart.txt:md5,e913b6ededd36d63662b25a20fb48a4e",
                "exonGeTrInfo.tab:md5,7a68c7a847ea4797ed890b5343cf796c",
                "exonInfo.tab:md5,c74c66832e61ebe7fac19f7e033f79b5",
                "geneInfo.tab:md5,c00684439fbe9b4fca325ccc45fa6039",
                "sjdbInfo.txt:md5,f19a245be439acdf45235a7bee505d37",
                "sjdbList.fromGTF.out.tab:md5,35f117e81bc9410a329e7293a3d5b220",
                "sjdbList.out.tab:md5,3711bf43ca770e6db6e5570c201b227b",
                "transcriptInfo.tab:md5,d0a2c885941c8e8920e191768a3a71dc",
                "GCF_000002985.6_WBcel235_genomic.dict:md5,95224495c9500f3283bbf009ffd0d990",
                "GCF_000002985.6_WBcel235_genomic.fna:md5,2fa2b1575d9e722f076bafcf3b755fed",
                "GCF_000002985.6_WBcel235_genomic.fna.fai:md5,5765b3ad41f8ad61dc582fba226214bf",
                "multiqc_citations.txt:md5,4c806e63a283ec1b7e78cdae3a923d4f"
            ]
        ],
        "timestamp": "2026-06-10T10:23:28.542286265",
        "meta": {
            "nf-test": "0.9.5",
            "nextflow": "26.04.3"
        }
    }
}