{
    "-profile test --tools bwamem1,createsequencedictionary,faidx,intervals,rsem,star --input Caenorhabditis_elegans/NCBI/WBcel235.yml": {
        "content": [
            {
                "BUILD_INTERVALS": {
                    "gawk": "5.3.0"
                },
                "BWAMEM1_INDEX": {
                    "bwa": "0.7.18-r1243-dirty"
                },
                "GATK4_CREATESEQUENCEDICTIONARY": {
                    "gatk": "4.6.1.0"
                },
                "GUNZIP": {
                    "gunzip": 1.13
                },
                "RSEM_PREPAREREFERENCE_GENOME": {
                    "rsem": "1.3.1",
                    "star": "2.7.10a"
                },
                "SAMTOOLS_FAIDX": {
                    "samtools": 1.21
                },
                "STAR_GENOMEGENERATE": {
                    "gawk": "5.1.0",
                    "samtools": 1.21,
                    "star": "2.7.11b"
                }
            },
            [
                "Caenorhabditis_elegans",
                "Caenorhabditis_elegans/NCBI",
                "Caenorhabditis_elegans/NCBI/WBcel235",
                "Caenorhabditis_elegans/NCBI/WBcel235/Annotation",
                "Caenorhabditis_elegans/NCBI/WBcel235/Annotation/Genes",
                "Caenorhabditis_elegans/NCBI/WBcel235/Annotation/Genes/GCF_000002985.6_WBcel235_genomic.gff",
                "Caenorhabditis_elegans/NCBI/WBcel235/Annotation/Genes/GCF_000002985.6_WBcel235_genomic.gtf",
                "Caenorhabditis_elegans/NCBI/WBcel235/Annotation/intervals",
                "Caenorhabditis_elegans/NCBI/WBcel235/Annotation/intervals/WBcel235.bed",
                "Caenorhabditis_elegans/NCBI/WBcel235/Sequence",
                "Caenorhabditis_elegans/NCBI/WBcel235/Sequence/BWAIndex",
                "Caenorhabditis_elegans/NCBI/WBcel235/Sequence/BWAIndex/0.7.18",
                "Caenorhabditis_elegans/NCBI/WBcel235/Sequence/BWAIndex/0.7.18/GCF_000002985.6_WBcel235_genomic.amb",
                "Caenorhabditis_elegans/NCBI/WBcel235/Sequence/BWAIndex/0.7.18/GCF_000002985.6_WBcel235_genomic.ann",
                "Caenorhabditis_elegans/NCBI/WBcel235/Sequence/BWAIndex/0.7.18/GCF_000002985.6_WBcel235_genomic.bwt",
                "Caenorhabditis_elegans/NCBI/WBcel235/Sequence/BWAIndex/0.7.18/GCF_000002985.6_WBcel235_genomic.pac",
                "Caenorhabditis_elegans/NCBI/WBcel235/Sequence/BWAIndex/0.7.18/GCF_000002985.6_WBcel235_genomic.sa",
                "Caenorhabditis_elegans/NCBI/WBcel235/Sequence/RSEMIndex",
                "Caenorhabditis_elegans/NCBI/WBcel235/Sequence/RSEMIndex/GCF_000002985.6",
                "Caenorhabditis_elegans/NCBI/WBcel235/Sequence/RSEMIndex/GCF_000002985.6/1.3.1",
                "Caenorhabditis_elegans/NCBI/WBcel235/Sequence/RSEMIndex/GCF_000002985.6/1.3.1/GCF_000002985.6_WBcel235_genomic.fna",
                "Caenorhabditis_elegans/NCBI/WBcel235/Sequence/RSEMIndex/GCF_000002985.6/1.3.1/Genome",
                "Caenorhabditis_elegans/NCBI/WBcel235/Sequence/RSEMIndex/GCF_000002985.6/1.3.1/Log.out",
                "Caenorhabditis_elegans/NCBI/WBcel235/Sequence/RSEMIndex/GCF_000002985.6/1.3.1/SA",
                "Caenorhabditis_elegans/NCBI/WBcel235/Sequence/RSEMIndex/GCF_000002985.6/1.3.1/SAindex",
                "Caenorhabditis_elegans/NCBI/WBcel235/Sequence/RSEMIndex/GCF_000002985.6/1.3.1/chrLength.txt",
                "Caenorhabditis_elegans/NCBI/WBcel235/Sequence/RSEMIndex/GCF_000002985.6/1.3.1/chrName.txt",
                "Caenorhabditis_elegans/NCBI/WBcel235/Sequence/RSEMIndex/GCF_000002985.6/1.3.1/chrNameLength.txt",
                "Caenorhabditis_elegans/NCBI/WBcel235/Sequence/RSEMIndex/GCF_000002985.6/1.3.1/chrStart.txt",
                "Caenorhabditis_elegans/NCBI/WBcel235/Sequence/RSEMIndex/GCF_000002985.6/1.3.1/exonGeTrInfo.tab",
                "Caenorhabditis_elegans/NCBI/WBcel235/Sequence/RSEMIndex/GCF_000002985.6/1.3.1/exonInfo.tab",
                "Caenorhabditis_elegans/NCBI/WBcel235/Sequence/RSEMIndex/GCF_000002985.6/1.3.1/geneInfo.tab",
                "Caenorhabditis_elegans/NCBI/WBcel235/Sequence/RSEMIndex/GCF_000002985.6/1.3.1/genome.chrlist",
                "Caenorhabditis_elegans/NCBI/WBcel235/Sequence/RSEMIndex/GCF_000002985.6/1.3.1/genome.grp",
                "Caenorhabditis_elegans/NCBI/WBcel235/Sequence/RSEMIndex/GCF_000002985.6/1.3.1/genome.idx.fa",
                "Caenorhabditis_elegans/NCBI/WBcel235/Sequence/RSEMIndex/GCF_000002985.6/1.3.1/genome.n2g.idx.fa",
                "Caenorhabditis_elegans/NCBI/WBcel235/Sequence/RSEMIndex/GCF_000002985.6/1.3.1/genome.seq",
                "Caenorhabditis_elegans/NCBI/WBcel235/Sequence/RSEMIndex/GCF_000002985.6/1.3.1/genome.ti",
                "Caenorhabditis_elegans/NCBI/WBcel235/Sequence/RSEMIndex/GCF_000002985.6/1.3.1/genome.transcripts.fa",
                "Caenorhabditis_elegans/NCBI/WBcel235/Sequence/RSEMIndex/GCF_000002985.6/1.3.1/genomeParameters.txt",
                "Caenorhabditis_elegans/NCBI/WBcel235/Sequence/RSEMIndex/GCF_000002985.6/1.3.1/sjdbInfo.txt",
                "Caenorhabditis_elegans/NCBI/WBcel235/Sequence/RSEMIndex/GCF_000002985.6/1.3.1/sjdbList.fromGTF.out.tab",
                "Caenorhabditis_elegans/NCBI/WBcel235/Sequence/RSEMIndex/GCF_000002985.6/1.3.1/sjdbList.out.tab",
                "Caenorhabditis_elegans/NCBI/WBcel235/Sequence/RSEMIndex/GCF_000002985.6/1.3.1/transcriptInfo.tab",
                "Caenorhabditis_elegans/NCBI/WBcel235/Sequence/STARIndex",
                "Caenorhabditis_elegans/NCBI/WBcel235/Sequence/STARIndex/GCF_000002985.6",
                "Caenorhabditis_elegans/NCBI/WBcel235/Sequence/STARIndex/GCF_000002985.6/2.7.11b",
                "Caenorhabditis_elegans/NCBI/WBcel235/Sequence/STARIndex/GCF_000002985.6/2.7.11b/Genome",
                "Caenorhabditis_elegans/NCBI/WBcel235/Sequence/STARIndex/GCF_000002985.6/2.7.11b/Log.out",
                "Caenorhabditis_elegans/NCBI/WBcel235/Sequence/STARIndex/GCF_000002985.6/2.7.11b/SA",
                "Caenorhabditis_elegans/NCBI/WBcel235/Sequence/STARIndex/GCF_000002985.6/2.7.11b/SAindex",
                "Caenorhabditis_elegans/NCBI/WBcel235/Sequence/STARIndex/GCF_000002985.6/2.7.11b/chrLength.txt",
                "Caenorhabditis_elegans/NCBI/WBcel235/Sequence/STARIndex/GCF_000002985.6/2.7.11b/chrName.txt",
                "Caenorhabditis_elegans/NCBI/WBcel235/Sequence/STARIndex/GCF_000002985.6/2.7.11b/chrNameLength.txt",
                "Caenorhabditis_elegans/NCBI/WBcel235/Sequence/STARIndex/GCF_000002985.6/2.7.11b/chrStart.txt",
                "Caenorhabditis_elegans/NCBI/WBcel235/Sequence/STARIndex/GCF_000002985.6/2.7.11b/exonGeTrInfo.tab",
                "Caenorhabditis_elegans/NCBI/WBcel235/Sequence/STARIndex/GCF_000002985.6/2.7.11b/exonInfo.tab",
                "Caenorhabditis_elegans/NCBI/WBcel235/Sequence/STARIndex/GCF_000002985.6/2.7.11b/geneInfo.tab",
                "Caenorhabditis_elegans/NCBI/WBcel235/Sequence/STARIndex/GCF_000002985.6/2.7.11b/genomeParameters.txt",
                "Caenorhabditis_elegans/NCBI/WBcel235/Sequence/STARIndex/GCF_000002985.6/2.7.11b/sjdbInfo.txt",
                "Caenorhabditis_elegans/NCBI/WBcel235/Sequence/STARIndex/GCF_000002985.6/2.7.11b/sjdbList.fromGTF.out.tab",
                "Caenorhabditis_elegans/NCBI/WBcel235/Sequence/STARIndex/GCF_000002985.6/2.7.11b/sjdbList.out.tab",
                "Caenorhabditis_elegans/NCBI/WBcel235/Sequence/STARIndex/GCF_000002985.6/2.7.11b/transcriptInfo.tab",
                "Caenorhabditis_elegans/NCBI/WBcel235/Sequence/WholeGenomeFasta",
                "Caenorhabditis_elegans/NCBI/WBcel235/Sequence/WholeGenomeFasta/GCF_000002985.6_WBcel235_genomic.dict",
                "Caenorhabditis_elegans/NCBI/WBcel235/Sequence/WholeGenomeFasta/GCF_000002985.6_WBcel235_genomic.fna",
                "Caenorhabditis_elegans/NCBI/WBcel235/Sequence/WholeGenomeFasta/GCF_000002985.6_WBcel235_genomic.fna.fai",
                "index.json",
                "multiqc",
                "multiqc/multiqc_data",
                "multiqc/multiqc_data/BETA-multiqc.parquet",
                "multiqc/multiqc_data/llms-full.txt",
                "multiqc/multiqc_data/multiqc.log",
                "multiqc/multiqc_data/multiqc_citations.txt",
                "multiqc/multiqc_data/multiqc_data.json",
                "multiqc/multiqc_data/multiqc_software_versions.txt",
                "multiqc/multiqc_data/multiqc_sources.txt",
                "multiqc/multiqc_report.html",
                "pipeline_info",
                "pipeline_info/nf_core_references_software_mqc_versions.yml"
            ],
            [
                "GCF_000002985.6_WBcel235_genomic.gff:md5,4fae7636832b7192d2bfb3c82e453c1e",
                "GCF_000002985.6_WBcel235_genomic.gtf:md5,8ba2d9ddf7362f6290b8fb3ee684bef2",
                "WBcel235.bed:md5,84cb3d6e8ed7c8475fc9735b19b66908",
                "GCF_000002985.6_WBcel235_genomic.amb:md5,a0741fa25fb4e5a52ac61ecc5b679ac2",
                "GCF_000002985.6_WBcel235_genomic.ann:md5,7e46a49f983e0ca1fb6ee14be12251d3",
                "GCF_000002985.6_WBcel235_genomic.bwt:md5,5ac3d4632e767b1083e542b48a56983f",
                "GCF_000002985.6_WBcel235_genomic.pac:md5,1f0196045942ef7b2d94fb80b43e9c2a",
                "GCF_000002985.6_WBcel235_genomic.sa:md5,9bd628829e7f38cce39a4fd82f6634b2",
                "GCF_000002985.6_WBcel235_genomic.fna:md5,2fa2b1575d9e722f076bafcf3b755fed",
                "Genome:md5,e6d3834ba86456a397baec1c273086e7",
                "SA:md5,6ae6d6d9afeff86d9a481466a424a64e",
                "SAindex:md5,d4c4d74b6965ae9ecd8b21e135f35a88",
                "chrLength.txt:md5,f05097b2e861d6c4ba7aabd9ab3adb57",
                "chrName.txt:md5,d20e5340b7c16270e610785b20af9cce",
                "chrNameLength.txt:md5,7ca5bd1d9d220af81b785a965ed6b839",
                "chrStart.txt:md5,e913b6ededd36d63662b25a20fb48a4e",
                "exonGeTrInfo.tab:md5,13b6c61d484dc9f3a00ee2c1c5ca78c9",
                "exonInfo.tab:md5,44ebfa982072abcdbf646057a48c340e",
                "geneInfo.tab:md5,7ca7a86a201eb23993ac3de5e46e669c",
                "genome.chrlist:md5,46094719dedb5edac18cbeeccd5295e8",
                "genome.grp:md5,7a1d734d29697782c0850369f08e6745",
                "genome.idx.fa:md5,7b0b1d33c5a3ed1ca9a38244f5bb151d",
                "genome.n2g.idx.fa:md5,7b0b1d33c5a3ed1ca9a38244f5bb151d",
                "genome.seq:md5,fbf351feec748ac98eb7292ccb7da1f8",
                "genome.ti:md5,34a6260837d5bab950a6c1a62459f83a",
                "genome.transcripts.fa:md5,3b388aa711e66b74ef4b2a80dc4ebad6",
                "sjdbInfo.txt:md5,8418f1822055b77715d96cccc61d0147",
                "sjdbList.fromGTF.out.tab:md5,7fb3a3c73b016b404c8d0ace43eb9673",
                "sjdbList.out.tab:md5,d4caeebcbfec65f6883b97655e1f1764",
                "transcriptInfo.tab:md5,7ee366482363d8a6da59855c23c87309",
                "Genome:md5,e6d3834ba86456a397baec1c273086e7",
                "SA:md5,6ae6d6d9afeff86d9a481466a424a64e",
                "SAindex:md5,aee5c61dd63b08430e5b27783cc069fa",
                "chrLength.txt:md5,f05097b2e861d6c4ba7aabd9ab3adb57",
                "chrName.txt:md5,d20e5340b7c16270e610785b20af9cce",
                "chrNameLength.txt:md5,7ca5bd1d9d220af81b785a965ed6b839",
                "chrStart.txt:md5,e913b6ededd36d63662b25a20fb48a4e",
                "exonGeTrInfo.tab:md5,13b6c61d484dc9f3a00ee2c1c5ca78c9",
                "exonInfo.tab:md5,44ebfa982072abcdbf646057a48c340e",
                "geneInfo.tab:md5,7ca7a86a201eb23993ac3de5e46e669c",
                "sjdbInfo.txt:md5,8418f1822055b77715d96cccc61d0147",
                "sjdbList.fromGTF.out.tab:md5,7fb3a3c73b016b404c8d0ace43eb9673",
                "sjdbList.out.tab:md5,d4caeebcbfec65f6883b97655e1f1764",
                "transcriptInfo.tab:md5,7ee366482363d8a6da59855c23c87309",
                "GCF_000002985.6_WBcel235_genomic.dict:md5,95224495c9500f3283bbf009ffd0d990",
                "GCF_000002985.6_WBcel235_genomic.fna:md5,2fa2b1575d9e722f076bafcf3b755fed",
                "GCF_000002985.6_WBcel235_genomic.fna.fai:md5,5765b3ad41f8ad61dc582fba226214bf",
                "multiqc_citations.txt:md5,4c806e63a283ec1b7e78cdae3a923d4f"
            ]
        ],
        "meta": {
            "nf-test": "0.9.3",
            "nextflow": "25.08.0"
        },
        "timestamp": "2025-10-02T12:43:42.544208654"
    }
}