{
    ".fasta/.gff - all tools": {
        "content": [
            [
                [
                    {
                        "id": "test"
                    },
                    [
                        "test.1.ebwt:md5,e728d922a147241f699fdad1f7ac5a9d",
                        "test.2.ebwt:md5,c0a8d0fffdd7e7a3d9229e9d42a7964a",
                        "test.3.ebwt:md5,123b1717a761500ffa59d54959215d26",
                        "test.4.ebwt:md5,7c9d42e29a60c13a65dd0046a012d848",
                        "test.rev.1.ebwt:md5,dbcbf4caa51963abb964bd59064aeffa",
                        "test.rev.2.ebwt:md5,7cfa0c2adf3488fd184008a7346abba7"
                    ]
                ]
            ],
            [
                [
                    {
                        "id": "test"
                    },
                    [
                        "genome.1.bt2:md5,118f83ac94277f7058d1ecb79fb5acf9",
                        "genome.2.bt2:md5,10a474242f1d77979e1dfc3d862faac8",
                        "genome.3.bt2:md5,123b1717a761500ffa59d54959215d26",
                        "genome.4.bt2:md5,7c9d42e29a60c13a65dd0046a012d848",
                        "genome.rev.1.bt2:md5,21f198b3402e4119a181982ee8b4efd3",
                        "genome.rev.2.bt2:md5,352e3ab4c780f58a7c97f1f6978949a8"
                    ]
                ]
            ],
            [
                [
                    {
                        "id": "test"
                    },
                    "genome.fasta.fai:md5,3520cd30e1b100e55f578db9c855f685"
                ]
            ],
            [
                [
                    {
                        "id": "test"
                    },
                    "genome.fasta.sizes:md5,b190587cae0531f3cf25552d8aa674db"
                ]
            ],
            [
                [
                    {
                        "id": "test"
                    },
                    "test.gtf:md5,eb77931882d554f6fcdb2ebbfec062ee"
                ]
            ],
            [
                [
                    {
                        "id": "test"
                    },
                    [
                        "genome.1.ht2:md5,8f8a9b1b43511fbc679454cc6f93d203",
                        "genome.2.ht2:md5,afe55bf628b41121cf2c9a999e1dbbcb",
                        "genome.3.ht2:md5,123b1717a761500ffa59d54959215d26",
                        "genome.4.ht2:md5,7c9d42e29a60c13a65dd0046a012d848",
                        "genome.5.ht2:md5,0c5bdeb9777a0bb5c2da117c7b0e2a85",
                        "genome.6.ht2:md5,e055ccdcad39cf608d234ab650eabbb2",
                        "genome.7.ht2:md5,b9e300d0e85cdde63bd6fdcc0d5d5097",
                        "genome.8.ht2:md5,6ae6e44dc59b540e1caadb5b8eeb394a"
                    ]
                ]
            ],
            [
                [
                    {
                        "id": "test"
                    },
                    "kallisto"
                ]
            ],
            [
                [
                    {
                        "id": "test"
                    },
                    "rsem/",
                    [
                        "Genome",
                        "Log.out",
                        "SA",
                        "SAindex",
                        "chrLength.txt",
                        "chrName.txt",
                        "chrNameLength.txt",
                        "chrStart.txt",
                        "exonGeTrInfo.tab",
                        "exonInfo.tab",
                        "geneInfo.tab",
                        "genome.chrlist",
                        "genome.fasta",
                        "genome.grp",
                        "genome.idx.fa",
                        "genome.n2g.idx.fa",
                        "genome.seq",
                        "genome.ti",
                        "genome.transcripts.fa",
                        "genomeParameters.txt",
                        "sjdbInfo.txt",
                        "sjdbList.fromGTF.out.tab",
                        "sjdbList.out.tab",
                        "transcriptInfo.tab"
                    ]
                ]
            ],
            [
                [
                    {
                        "id": "test"
                    },
                    "salmon/",
                    [
                        "complete_ref_lens.bin",
                        "ctable.bin",
                        "ctg_offsets.bin",
                        "duplicate_clusters.tsv",
                        "info.json",
                        "mphf.bin",
                        "pos.bin",
                        "pre_indexing.log",
                        "rank.bin",
                        "refAccumLengths.bin",
                        "ref_indexing.log",
                        "reflengths.bin",
                        "refseq.bin",
                        "seq.bin",
                        "versionInfo.json"
                    ]
                ]
            ],
            [
                [
                    {
                        "id": "test"
                    },
                    "test.splice_sites.txt:md5,dc6da761e1dda4b7c490eea01260ee21"
                ]
            ],
            [
                [
                    {
                        "id": "test"
                    },
                    "star/",
                    [
                        "Genome",
                        "Log.out",
                        "SA",
                        "SAindex",
                        "chrLength.txt",
                        "chrName.txt",
                        "chrNameLength.txt",
                        "chrStart.txt",
                        "exonGeTrInfo.tab",
                        "exonInfo.tab",
                        "geneInfo.tab",
                        "genomeParameters.txt",
                        "sjdbInfo.txt",
                        "sjdbList.fromGTF.out.tab",
                        "sjdbList.out.tab",
                        "transcriptInfo.tab"
                    ]
                ]
            ],
            [
                [
                    {
                        "id": "test"
                    },
                    "genome.transcripts.fa:md5,050c521a2719c2ae48267c1e65218f29"
                ]
            ],
            [
                "versions.yml:md5,2e620478a8847b07ef43e539f3d15a4d",
                "versions.yml:md5,3ef2e2c4f68cff618c1ea7f506974348",
                "versions.yml:md5,8c52d613ef359e337bdfff8893022ff0",
                "versions.yml:md5,8c7e080728ac03ca7d12075b04269c87",
                "versions.yml:md5,9089b357f16db5a1a7f8c19a4a8d347f",
                "versions.yml:md5,9c05faacdd2f90677bfc81c7c70454e7",
                "versions.yml:md5,bdd0980428bddd82b00efe49c7e33203",
                "versions.yml:md5,c082767988a5e7ee97408d28358389aa",
                "versions.yml:md5,c4c0ac84f821dee47cbb5d876778e301",
                "versions.yml:md5,d5b1d7db2c40a4abc8435947fdad1d47",
                "versions.yml:md5,e8962da49ea2a0280fa1ff74caa494c5"
            ]
        ],
        "meta": {
            "nf-test": "0.9.2",
            "nextflow": "25.01.0"
        },
        "timestamp": "2025-03-07T15:03:34.583288709"
    }
}